loaded runs\v3_dose\last.pt (ema weights) epoch=2999 step=30000
train=40 val=8
posterior means (40, 32)  per-dim std [0.42, 0.90]
refiner UNet: 11.07M params, in_channels=13, patch 64^3
step    200/20000 | v-mse 0.5691 gn 4.36 | 1.7m
step    400/20000 | v-mse 0.2252 gn 3.68 | 3.2m
step    600/20000 | v-mse 0.0733 gn 0.71 | 4.7m
step    800/20000 | v-mse 0.0527 gn 1.62 | 6.2m
step   1000/20000 | v-mse 0.0496 gn 0.39 | 7.7m
step   1200/20000 | v-mse 0.0466 gn 0.67 | 9.2m
step   1400/20000 | v-mse 0.0406 gn 0.33 | 10.7m
step   1600/20000 | v-mse 0.0396 gn 0.45 | 12.2m
step   1800/20000 | v-mse 0.0368 gn 0.64 | 13.7m
step   2000/20000 | v-mse 0.0361 gn 0.63 | 15.2m
  [eval] |grad HU| on bone: VAE 292 -> refined 400   (real 395)   L1 to real 0.0563
step   2200/20000 | v-mse 0.0370 gn 0.39 | 17.1m
step   2400/20000 | v-mse 0.0345 gn 0.23 | 18.6m
step   2600/20000 | v-mse 0.0326 gn 0.22 | 20.1m
step   2800/20000 | v-mse 0.0342 gn 0.30 | 21.6m
step   3000/20000 | v-mse 0.0309 gn 0.38 | 23.1m
step   3200/20000 | v-mse 0.0312 gn 0.16 | 24.6m
step   3400/20000 | v-mse 0.0336 gn 0.26 | 26.1m
step   3600/20000 | v-mse 0.0307 gn 0.22 | 27.6m
step   3800/20000 | v-mse 0.0317 gn 0.28 | 29.2m
step   4000/20000 | v-mse 0.0310 gn 0.28 | 30.8m
  [eval] |grad HU| on bone: VAE 292 -> refined 420   (real 395)   L1 to real 0.0503
step   4200/20000 | v-mse 0.0294 gn 0.25 | 32.6m
step   4400/20000 | v-mse 0.0303 gn 0.16 | 34.1m
step   4600/20000 | v-mse 0.0283 gn 0.52 | 35.6m
step   4800/20000 | v-mse 0.0275 gn 0.46 | 37.2m
step   5000/20000 | v-mse 0.0283 gn 0.37 | 38.7m
step   5200/20000 | v-mse 0.0300 gn 0.17 | 40.2m
step   5400/20000 | v-mse 0.0288 gn 0.36 | 41.7m
step   5600/20000 | v-mse 0.0274 gn 0.48 | 43.2m
step   5800/20000 | v-mse 0.0275 gn 0.15 | 44.7m
step   6000/20000 | v-mse 0.0276 gn 0.18 | 46.2m
  [eval] |grad HU| on bone: VAE 292 -> refined 419   (real 395)   L1 to real 0.0477
step   6200/20000 | v-mse 0.0270 gn 0.20 | 48.0m
step   6400/20000 | v-mse 0.0289 gn 0.18 | 49.5m
step   6600/20000 | v-mse 0.0264 gn 0.17 | 51.0m
step   6800/20000 | v-mse 0.0251 gn 0.12 | 52.5m
step   7000/20000 | v-mse 0.0279 gn 0.09 | 54.0m
step   7200/20000 | v-mse 0.0267 gn 0.17 | 55.4m
step   7400/20000 | v-mse 0.0262 gn 0.22 | 56.9m
step   7600/20000 | v-mse 0.0274 gn 0.39 | 58.4m
step   7800/20000 | v-mse 0.0278 gn 0.08 | 59.9m
step   8000/20000 | v-mse 0.0246 gn 0.20 | 61.4m
  [eval] |grad HU| on bone: VAE 292 -> refined 421   (real 395)   L1 to real 0.0457
step   8200/20000 | v-mse 0.0265 gn 0.24 | 63.2m
step   8400/20000 | v-mse 0.0265 gn 0.12 | 64.7m
step   8600/20000 | v-mse 0.0259 gn 0.12 | 66.2m
step   8800/20000 | v-mse 0.0232 gn 0.16 | 67.6m
step   9000/20000 | v-mse 0.0255 gn 0.14 | 69.1m
step   9200/20000 | v-mse 0.0239 gn 0.28 | 70.6m
step   9400/20000 | v-mse 0.0252 gn 0.19 | 72.1m
step   9600/20000 | v-mse 0.0267 gn 0.19 | 73.6m
step   9800/20000 | v-mse 0.0240 gn 0.13 | 75.1m
step  10000/20000 | v-mse 0.0250 gn 0.09 | 76.6m
  [eval] |grad HU| on bone: VAE 292 -> refined 409   (real 395)   L1 to real 0.0448
step  10200/20000 | v-mse 0.0232 gn 0.17 | 78.4m
step  10400/20000 | v-mse 0.0233 gn 0.23 | 79.9m
step  10600/20000 | v-mse 0.0248 gn 0.13 | 81.3m
step  10800/20000 | v-mse 0.0239 gn 0.18 | 82.8m
step  11000/20000 | v-mse 0.0244 gn 0.14 | 84.3m
step  11200/20000 | v-mse 0.0247 gn 0.17 | 85.8m
step  11400/20000 | v-mse 0.0259 gn 0.11 | 87.3m
step  11600/20000 | v-mse 0.0240 gn 0.14 | 88.8m
step  11800/20000 | v-mse 0.0229 gn 0.20 | 90.3m
step  12000/20000 | v-mse 0.0226 gn 0.18 | 91.8m
  [eval] |grad HU| on bone: VAE 292 -> refined 408   (real 395)   L1 to real 0.0425
step  12200/20000 | v-mse 0.0242 gn 0.18 | 93.6m
step  12400/20000 | v-mse 0.0235 gn 0.30 | 95.0m
step  12600/20000 | v-mse 0.0245 gn 0.12 | 96.5m
step  12800/20000 | v-mse 0.0241 gn 0.23 | 98.0m
step  13000/20000 | v-mse 0.0234 gn 0.34 | 99.5m
step  13200/20000 | v-mse 0.0238 gn 0.13 | 101.0m
step  13400/20000 | v-mse 0.0218 gn 0.20 | 102.5m
step  13600/20000 | v-mse 0.0235 gn 0.15 | 104.0m
step  13800/20000 | v-mse 0.0239 gn 0.14 | 105.5m
step  14000/20000 | v-mse 0.0236 gn 0.17 | 107.0m
  [eval] |grad HU| on bone: VAE 292 -> refined 408   (real 395)   L1 to real 0.0420
step  14200/20000 | v-mse 0.0235 gn 0.12 | 108.7m
step  14400/20000 | v-mse 0.0230 gn 0.39 | 110.2m
step  14600/20000 | v-mse 0.0220 gn 0.07 | 111.7m
step  14800/20000 | v-mse 0.0215 gn 0.31 | 113.2m
step  15000/20000 | v-mse 0.0229 gn 0.19 | 114.7m
step  15200/20000 | v-mse 0.0228 gn 0.30 | 116.2m
step  15400/20000 | v-mse 0.0227 gn 0.17 | 117.7m
step  15600/20000 | v-mse 0.0219 gn 0.10 | 119.2m
step  15800/20000 | v-mse 0.0214 gn 0.15 | 120.7m
step  16000/20000 | v-mse 0.0198 gn 0.09 | 122.3m
  [eval] |grad HU| on bone: VAE 292 -> refined 399   (real 395)   L1 to real 0.0421
step  16200/20000 | v-mse 0.0229 gn 0.16 | 124.2m
step  16400/20000 | v-mse 0.0221 gn 0.10 | 125.7m
step  16600/20000 | v-mse 0.0199 gn 0.18 | 127.2m
step  16800/20000 | v-mse 0.0219 gn 0.13 | 128.7m
step  17000/20000 | v-mse 0.0215 gn 0.13 | 130.2m
step  17200/20000 | v-mse 0.0216 gn 0.11 | 131.8m
step  17400/20000 | v-mse 0.0236 gn 0.10 | 133.3m
step  17600/20000 | v-mse 0.0221 gn 0.18 | 134.8m
step  17800/20000 | v-mse 0.0218 gn 0.16 | 136.3m
step  18000/20000 | v-mse 0.0218 gn 0.12 | 137.8m
  [eval] |grad HU| on bone: VAE 292 -> refined 401   (real 395)   L1 to real 0.0409
step  18200/20000 | v-mse 0.0223 gn 0.08 | 139.6m
step  18400/20000 | v-mse 0.0218 gn 0.09 | 141.1m
step  18600/20000 | v-mse 0.0210 gn 0.25 | 142.6m
step  18800/20000 | v-mse 0.0206 gn 0.27 | 144.1m
step  19000/20000 | v-mse 0.0218 gn 0.15 | 145.6m
step  19200/20000 | v-mse 0.0217 gn 0.22 | 147.1m
step  19400/20000 | v-mse 0.0213 gn 0.27 | 148.6m
step  19600/20000 | v-mse 0.0213 gn 0.09 | 150.1m
step  19800/20000 | v-mse 0.0205 gn 0.14 | 151.6m
step  20000/20000 | v-mse 0.0199 gn 0.09 | 153.1m
  [eval] |grad HU| on bone: VAE 292 -> refined 405   (real 395)   L1 to real 0.0409
done in 153.4 min
